// Jest Snapshot v1, https://goo.gl/fbAQLP

exports[`SearchForm should get searchText property 1`] = `ShallowWrapper {}`;

exports[`SearchForm should render correctly in "debug" mode 1`] = `ShallowWrapper {}`;
